additional plugins config:
  1: |
    |-
      kubernetes:4324.vfec199a_33512
      workflow-aggregator:600.vb_57cdd26fdd7
      git:5.7.0
      configuration-as-code:1947.v7d33fe23569c
      kubernetes-credentials-provider
default config:
  1: |
    |-
      kubernetes:4324.vfec199a_33512
      workflow-aggregator:600.vb_57cdd26fdd7
      git:5.7.0
      configuration-as-code:1947.v7d33fe23569c
