additional plugins config:
  1: |
    |-
      kubernetes:4306.vc91e951ea_eb_d
      workflow-aggregator:600.vb_57cdd26fdd7
      git:5.7.0
      configuration-as-code:1915.vcdd0a_d0d2625
      kubernetes-credentials-provider
default config:
  1: |
    |-
      kubernetes:4306.vc91e951ea_eb_d
      workflow-aggregator:600.vb_57cdd26fdd7
      git:5.7.0
      configuration-as-code:1915.vcdd0a_d0d2625
