namespaces:
  1: |
    |-
      jenkins:
        authorizationStrategy:
          loggedInUsersCanDoAnything:
            allowAnonymousRead: false
        securityRealm:
          local:
            allowsSignup: false
            enableCaptcha: false
            users:
            - id: "${chart-admin-username}"
              name: "Jenkins Admin"
              password: "${chart-admin-password}"
        disableRememberMe: false
        mode: NORMAL
        numExecutors: 0
        labelString: ""
        projectNamingStrategy: "standard"
        markupFormatter:
          plainText
        clouds:
        - kubernetes:
            containerCapStr: "10"
            garbageCollection:
              namespaces: |-
                namespace1
                namespace2
              timeout: "300"
            defaultsProviderTemplate: ""
            connectTimeout: "5"
            readTimeout: "15"
            jenkinsUrl: "http://my-release-jenkins.my-namespace.svc.cluster.local:8080"
            jenkinsTunnel: "my-release-jenkins-agent.my-namespace.svc.cluster.local:50000"
            skipTlsVerify: false
            usageRestricted: false
            maxRequestsPerHostStr: "32"
            retentionTimeout: "5"
            waitForPodSec: "600"
            name: "kubernetes"
            namespace: "my-namespace"
            restrictedPssSecurityContext: false
            serverUrl: "https://kubernetes.default"
            credentialsId: ""
            podLabels:
            - key: "jenkins/my-release-jenkins-agent"
              value: "true"
            templates:
              - name: "default"
                namespace: "my-namespace"
                id: 85f9d0f202597788a24d7a2339bfa954dbe9944f8e29288e67f890e84fb9b807
                containers:
                - name: "jnlp"
                  alwaysPullImage: false
                  args: "^${computer.jnlpmac} ^${computer.name}"
                  envVars:
                    - envVar:
                        key: "JENKINS_URL"
                        value: "http://my-release-jenkins.my-namespace.svc.cluster.local:8080/"
                  image: "jenkins/inbound-agent:3352.v17a_fb_4b_2773f-2"
                  privileged: "false"
                  resourceLimitCpu: 512m
                  resourceLimitMemory: 512Mi
                  resourceRequestCpu: 512m
                  resourceRequestMemory: 512Mi
                  ttyEnabled: false
                  workingDir: /home/jenkins/agent
                idleMinutes: 0
                instanceCap: 2147483647
                label: "my-release-jenkins-agent "
                nodeUsageMode: "NORMAL"
                podRetention: Never
                showRawYaml: true
                serviceAccount: "default"
                slaveConnectTimeoutStr: "100"
                yamlMergeStrategy: override
                inheritYamlMergeStrategy: false
        slaveAgentPort: 50000
        crumbIssuer:
          standard:
            excludeClientIPFromCrumb: true
      security:
        apiToken:
          creationOfLegacyTokenEnabled: false
          tokenGenerationOnCreationEnabled: false
          usageStatisticsEnabled: true
      unclassified:
        location:
          url: http://my-release-jenkins:8080
one cloud:
  1: |
    |-
      jenkins:
        authorizationStrategy:
          loggedInUsersCanDoAnything:
            allowAnonymousRead: false
        securityRealm:
          local:
            allowsSignup: false
            enableCaptcha: false
            users:
            - id: "${chart-admin-username}"
              name: "Jenkins Admin"
              password: "${chart-admin-password}"
        disableRememberMe: false
        mode: NORMAL
        numExecutors: 0
        labelString: ""
        projectNamingStrategy: "standard"
        markupFormatter:
          plainText
        clouds:
        - kubernetes:
            containerCapStr: "10"
            garbageCollection:
              timeout: "300"
            defaultsProviderTemplate: ""
            connectTimeout: "5"
            readTimeout: "15"
            jenkinsUrl: "http://my-release-jenkins.my-namespace.svc.cluster.local:8080"
            jenkinsTunnel: "my-release-jenkins-agent.my-namespace.svc.cluster.local:50000"
            skipTlsVerify: false
            usageRestricted: false
            maxRequestsPerHostStr: "32"
            retentionTimeout: "5"
            waitForPodSec: "600"
            name: "kubernetes"
            namespace: "my-namespace"
            restrictedPssSecurityContext: false
            serverUrl: "https://kubernetes.default"
            credentialsId: ""
            podLabels:
            - key: "jenkins/my-release-jenkins-agent"
              value: "true"
            templates:
              - name: "default"
                namespace: "my-namespace"
                id: d76050617f87937fba2df5a7020396c83f39e6d8a2fd104665334a6bdba52171
                containers:
                - name: "jnlp"
                  alwaysPullImage: false
                  args: "^${computer.jnlpmac} ^${computer.name}"
                  envVars:
                    - envVar:
                        key: "JENKINS_URL"
                        value: "http://my-release-jenkins.my-namespace.svc.cluster.local:8080/"
                  image: "jenkins/inbound-agent:3352.v17a_fb_4b_2773f-2"
                  privileged: "false"
                  resourceLimitCpu: 512m
                  resourceLimitMemory: 512Mi
                  resourceRequestCpu: 512m
                  resourceRequestMemory: 512Mi
                  ttyEnabled: false
                  workingDir: /home/jenkins/agent
                idleMinutes: 0
                instanceCap: 2147483647
                label: "my-release-jenkins-agent "
                nodeUsageMode: "NORMAL"
                podRetention: Never
                showRawYaml: true
                serviceAccount: "default"
                slaveConnectTimeoutStr: "100"
                yamlMergeStrategy: override
                inheritYamlMergeStrategy: false
        slaveAgentPort: 50000
        crumbIssuer:
          standard:
            excludeClientIPFromCrumb: true
      security:
        apiToken:
          creationOfLegacyTokenEnabled: false
          tokenGenerationOnCreationEnabled: false
          usageStatisticsEnabled: true
      unclassified:
        location:
          url: http://my-release-jenkins:8080
second cloud:
  1: |
    |-
      jenkins:
        authorizationStrategy:
          loggedInUsersCanDoAnything:
            allowAnonymousRead: false
        securityRealm:
          local:
            allowsSignup: false
            enableCaptcha: false
            users:
            - id: "${chart-admin-username}"
              name: "Jenkins Admin"
              password: "${chart-admin-password}"
        disableRememberMe: false
        mode: NORMAL
        numExecutors: 0
        labelString: ""
        projectNamingStrategy: "standard"
        markupFormatter:
          plainText
        clouds:
        - kubernetes:
            containerCapStr: "10"
            garbageCollection:
              timeout: "300"
            defaultsProviderTemplate: ""
            connectTimeout: "5"
            readTimeout: "15"
            jenkinsUrl: "http://my-release-jenkins.my-namespace.svc.cluster.local:8080"
            jenkinsTunnel: "my-release-jenkins-agent.my-namespace.svc.cluster.local:50000"
            skipTlsVerify: false
            usageRestricted: false
            maxRequestsPerHostStr: "32"
            retentionTimeout: "5"
            waitForPodSec: "600"
            name: "kubernetes"
            namespace: "my-namespace"
            restrictedPssSecurityContext: false
            serverUrl: "https://kubernetes.default"
            credentialsId: ""
            podLabels:
            - key: "jenkins/my-release-jenkins-agent"
              value: "true"
            templates:
              - name: "default"
                namespace: "my-namespace"
                id: d76050617f87937fba2df5a7020396c83f39e6d8a2fd104665334a6bdba52171
                containers:
                - name: "jnlp"
                  alwaysPullImage: false
                  args: "^${computer.jnlpmac} ^${computer.name}"
                  envVars:
                    - envVar:
                        key: "JENKINS_URL"
                        value: "http://my-release-jenkins.my-namespace.svc.cluster.local:8080/"
                  image: "jenkins/inbound-agent:3352.v17a_fb_4b_2773f-2"
                  privileged: "false"
                  resourceLimitCpu: 512m
                  resourceLimitMemory: 512Mi
                  resourceRequestCpu: 512m
                  resourceRequestMemory: 512Mi
                  ttyEnabled: false
                  workingDir: /home/jenkins/agent
                idleMinutes: 0
                instanceCap: 2147483647
                label: "my-release-jenkins-agent "
                nodeUsageMode: "NORMAL"
                podRetention: Never
                showRawYaml: true
                serviceAccount: "default"
                slaveConnectTimeoutStr: "100"
                yamlMergeStrategy: override
                inheritYamlMergeStrategy: false
        - kubernetes:
            containerCapStr: "5"
            garbageCollection:
              timeout: "300"
            defaultsProviderTemplate: ""
            connectTimeout: "5"
            readTimeout: "15"
            jenkinsUrl: "http://my-release-jenkins.my-namespace.svc.cluster.local:8080"
            jenkinsTunnel: "my-release-jenkins-agent.my-namespace.svc.cluster.local:50000"
            skipTlsVerify: false
            usageRestricted: false
            maxRequestsPerHostStr: "32"
            retentionTimeout: "5"
            waitForPodSec: "600"
            name: "second"
            namespace: "my-namespace"
            restrictedPssSecurityContext: false
            serverUrl: "https://kubernetes.default"
            credentialsId: ""
            podLabels:
            - key: "jenkins/my-release-jenkins-agent"
              value: "true"
            templates:
              - name: "default"
                namespace: "my-namespace"
                id: 40e5be5902ebdf13f0e68a57f4f23c1bd7cac5960f28763618f797f7f766a742
                containers:
                - name: "jnlp"
                  alwaysPullImage: false
                  args: "^${computer.jnlpmac} ^${computer.name}"
                  envVars:
                    - envVar:
                        key: "JENKINS_URL"
                        value: "http://my-release-jenkins.my-namespace.svc.cluster.local:8080/"
                  image: "jenkins/inbound-agent:3352.v17a_fb_4b_2773f-2"
                  privileged: "false"
                  resourceLimitCpu: 512m
                  resourceLimitMemory: 512Mi
                  resourceRequestCpu: 512m
                  resourceRequestMemory: 512Mi
                  ttyEnabled: false
                  workingDir: /home/jenkins/agent
                idleMinutes: 0
                instanceCap: 2147483647
                label: "my-release-jenkins-agent "
                nodeUsageMode: "NORMAL"
                podRetention: Never
                showRawYaml: true
                serviceAccount: "default"
                slaveConnectTimeoutStr: "100"
                yamlMergeStrategy: override
                inheritYamlMergeStrategy: false
        slaveAgentPort: 50000
        crumbIssuer:
          standard:
            excludeClientIPFromCrumb: true
      security:
        apiToken:
          creationOfLegacyTokenEnabled: false
          tokenGenerationOnCreationEnabled: false
          usageStatisticsEnabled: true
      unclassified:
        location:
          url: http://my-release-jenkins:8080
