namespaces:
  1: |
    |-
      jenkins:
        authorizationStrategy:
          loggedInUsersCanDoAnything:
            allowAnonymousRead: false
        securityRealm:
          local:
            allowsSignup: false
            enableCaptcha: false
            users:
            - id: "${chart-admin-username}"
              name: "Jenkins Admin"
              password: "${chart-admin-password}"
        disableRememberMe: false
        mode: NORMAL
        numExecutors: 0
        labelString: ""
        projectNamingStrategy: "standard"
        markupFormatter:
          plainText
        clouds:
        - kubernetes:
            containerCapStr: "10"
            garbageCollection:
              namespaces: |-
                namespace1
                namespace2
              timeout: "300"
            defaultsProviderTemplate: ""
            connectTimeout: "5"
            readTimeout: "15"
            jenkinsUrl: "http://my-release-jenkins.my-namespace.svc.cluster.local:8080"
            jenkinsTunnel: "my-release-jenkins-agent.my-namespace.svc.cluster.local:50000"
            skipTlsVerify: false
            usageRestricted: false
            maxRequestsPerHostStr: "32"
            retentionTimeout: "5"
            waitForPodSec: "600"
            name: "kubernetes"
            namespace: "my-namespace"
            restrictedPssSecurityContext: false
            serverUrl: "https://kubernetes.default"
            addMasterProxyEnvVars: false
            credentialsId: ""
            podLabels:
            - key: "jenkins/my-release-jenkins-agent"
              value: "true"
            templates:
              - name: "default"
                namespace: "my-namespace"
                id: 2b6b9782fa744ed542e27085a64e7010f2e8f428c551c4b1031191b888ef8c0e
                containers:
                - name: "jnlp"
                  alwaysPullImage: false
                  args: "^${computer.jnlpmac} ^${computer.name}"
                  envVars:
                    - envVar:
                        key: "JENKINS_URL"
                        value: "http://my-release-jenkins.my-namespace.svc.cluster.local:8080/"
                  image: "jenkins/inbound-agent:3383.vc8881d4b_0e76-2"
                  privileged: "false"
                  resourceLimitCpu: 512m
                  resourceLimitMemory: 512Mi
                  resourceRequestCpu: 512m
                  resourceRequestMemory: 512Mi
                  ttyEnabled: false
                  workingDir: /home/jenkins/agent
                idleMinutes: 0
                instanceCap: 2147483647
                label: "my-release-jenkins-agent "
                nodeUsageMode: "NORMAL"
                podRetention: Never
                showRawYaml: true
                serviceAccount: "default"
                slaveConnectTimeoutStr: "100"
                yamlMergeStrategy: override
                inheritYamlMergeStrategy: false
        slaveAgentPort: 50000
      security:
        apiToken:
          creationOfLegacyTokenEnabled: false
          tokenGenerationOnCreationEnabled: false
          usageStatisticsEnabled: true
      unclassified:
        location:
          url: http://my-release-jenkins:8080
one cloud:
  1: |
    |-
      jenkins:
        authorizationStrategy:
          loggedInUsersCanDoAnything:
            allowAnonymousRead: false
        securityRealm:
          local:
            allowsSignup: false
            enableCaptcha: false
            users:
            - id: "${chart-admin-username}"
              name: "Jenkins Admin"
              password: "${chart-admin-password}"
        disableRememberMe: false
        mode: NORMAL
        numExecutors: 0
        labelString: ""
        projectNamingStrategy: "standard"
        markupFormatter:
          plainText
        clouds:
        - kubernetes:
            containerCapStr: "10"
            garbageCollection:
              timeout: "300"
            defaultsProviderTemplate: ""
            connectTimeout: "5"
            readTimeout: "15"
            jenkinsUrl: "http://my-release-jenkins.my-namespace.svc.cluster.local:8080"
            jenkinsTunnel: "my-release-jenkins-agent.my-namespace.svc.cluster.local:50000"
            skipTlsVerify: false
            usageRestricted: false
            maxRequestsPerHostStr: "32"
            retentionTimeout: "5"
            waitForPodSec: "600"
            name: "kubernetes"
            namespace: "my-namespace"
            restrictedPssSecurityContext: false
            serverUrl: "https://kubernetes.default"
            addMasterProxyEnvVars: false
            credentialsId: ""
            podLabels:
            - key: "jenkins/my-release-jenkins-agent"
              value: "true"
            templates:
              - name: "default"
                namespace: "my-namespace"
                id: 0ebb51c44f6538c9a39a8435d89814237e0d2a6073cec775d068c9d15534ccb3
                containers:
                - name: "jnlp"
                  alwaysPullImage: false
                  args: "^${computer.jnlpmac} ^${computer.name}"
                  envVars:
                    - envVar:
                        key: "JENKINS_URL"
                        value: "http://my-release-jenkins.my-namespace.svc.cluster.local:8080/"
                  image: "jenkins/inbound-agent:3383.vc8881d4b_0e76-2"
                  privileged: "false"
                  resourceLimitCpu: 512m
                  resourceLimitMemory: 512Mi
                  resourceRequestCpu: 512m
                  resourceRequestMemory: 512Mi
                  ttyEnabled: false
                  workingDir: /home/jenkins/agent
                idleMinutes: 0
                instanceCap: 2147483647
                label: "my-release-jenkins-agent "
                nodeUsageMode: "NORMAL"
                podRetention: Never
                showRawYaml: true
                serviceAccount: "default"
                slaveConnectTimeoutStr: "100"
                yamlMergeStrategy: override
                inheritYamlMergeStrategy: false
        slaveAgentPort: 50000
      security:
        apiToken:
          creationOfLegacyTokenEnabled: false
          tokenGenerationOnCreationEnabled: false
          usageStatisticsEnabled: true
      unclassified:
        location:
          url: http://my-release-jenkins:8080
second cloud:
  1: |
    |-
      jenkins:
        authorizationStrategy:
          loggedInUsersCanDoAnything:
            allowAnonymousRead: false
        securityRealm:
          local:
            allowsSignup: false
            enableCaptcha: false
            users:
            - id: "${chart-admin-username}"
              name: "Jenkins Admin"
              password: "${chart-admin-password}"
        disableRememberMe: false
        mode: NORMAL
        numExecutors: 0
        labelString: ""
        projectNamingStrategy: "standard"
        markupFormatter:
          plainText
        clouds:
        - kubernetes:
            containerCapStr: "10"
            garbageCollection:
              timeout: "300"
            defaultsProviderTemplate: ""
            connectTimeout: "5"
            readTimeout: "15"
            jenkinsUrl: "http://my-release-jenkins.my-namespace.svc.cluster.local:8080"
            jenkinsTunnel: "my-release-jenkins-agent.my-namespace.svc.cluster.local:50000"
            skipTlsVerify: false
            usageRestricted: false
            maxRequestsPerHostStr: "32"
            retentionTimeout: "5"
            waitForPodSec: "600"
            name: "kubernetes"
            namespace: "my-namespace"
            restrictedPssSecurityContext: false
            serverUrl: "https://kubernetes.default"
            addMasterProxyEnvVars: false
            credentialsId: ""
            podLabels:
            - key: "jenkins/my-release-jenkins-agent"
              value: "true"
            templates:
              - name: "default"
                namespace: "my-namespace"
                id: 0ebb51c44f6538c9a39a8435d89814237e0d2a6073cec775d068c9d15534ccb3
                containers:
                - name: "jnlp"
                  alwaysPullImage: false
                  args: "^${computer.jnlpmac} ^${computer.name}"
                  envVars:
                    - envVar:
                        key: "JENKINS_URL"
                        value: "http://my-release-jenkins.my-namespace.svc.cluster.local:8080/"
                  image: "jenkins/inbound-agent:3383.vc8881d4b_0e76-2"
                  privileged: "false"
                  resourceLimitCpu: 512m
                  resourceLimitMemory: 512Mi
                  resourceRequestCpu: 512m
                  resourceRequestMemory: 512Mi
                  ttyEnabled: false
                  workingDir: /home/jenkins/agent
                idleMinutes: 0
                instanceCap: 2147483647
                label: "my-release-jenkins-agent "
                nodeUsageMode: "NORMAL"
                podRetention: Never
                showRawYaml: true
                serviceAccount: "default"
                slaveConnectTimeoutStr: "100"
                yamlMergeStrategy: override
                inheritYamlMergeStrategy: false
        - kubernetes:
            containerCapStr: "5"
            garbageCollection:
              timeout: "300"
            defaultsProviderTemplate: ""
            connectTimeout: "5"
            readTimeout: "15"
            jenkinsUrl: "http://my-release-jenkins.my-namespace.svc.cluster.local:8080"
            jenkinsTunnel: "my-release-jenkins-agent.my-namespace.svc.cluster.local:50000"
            skipTlsVerify: false
            usageRestricted: false
            maxRequestsPerHostStr: "32"
            retentionTimeout: "5"
            waitForPodSec: "600"
            name: "second"
            namespace: "my-namespace"
            restrictedPssSecurityContext: false
            serverUrl: "https://kubernetes.default"
            credentialsId: ""
            podLabels:
            - key: "jenkins/my-release-jenkins-agent"
              value: "true"
            templates:
              - name: "default"
                namespace: "my-namespace"
                id: e4f5f5ebe5f52fb2544c45720da6dbd644be5739bab3f3ce727414f78a917b36
                containers:
                - name: "jnlp"
                  alwaysPullImage: false
                  args: "^${computer.jnlpmac} ^${computer.name}"
                  envVars:
                    - envVar:
                        key: "JENKINS_URL"
                        value: "http://my-release-jenkins.my-namespace.svc.cluster.local:8080/"
                  image: "jenkins/inbound-agent:3383.vc8881d4b_0e76-2"
                  privileged: "false"
                  resourceLimitCpu: 512m
                  resourceLimitMemory: 512Mi
                  resourceRequestCpu: 512m
                  resourceRequestMemory: 512Mi
                  ttyEnabled: false
                  workingDir: /home/jenkins/agent
                idleMinutes: 0
                instanceCap: 2147483647
                label: "my-release-jenkins-agent "
                nodeUsageMode: "NORMAL"
                podRetention: Never
                showRawYaml: true
                serviceAccount: "default"
                slaveConnectTimeoutStr: "100"
                yamlMergeStrategy: override
                inheritYamlMergeStrategy: false
        slaveAgentPort: 50000
      security:
        apiToken:
          creationOfLegacyTokenEnabled: false
          tokenGenerationOnCreationEnabled: false
          usageStatisticsEnabled: true
      unclassified:
        location:
          url: http://my-release-jenkins:8080
