namespaces:
  1: |
    |-
      jenkins:
        authorizationStrategy:
          loggedInUsersCanDoAnything:
            allowAnonymousRead: false
        securityRealm:
          local:
            allowsSignup: false
            enableCaptcha: false
            users:
            - id: "${chart-admin-username}"
              name: "Jenkins Admin"
              password: "${chart-admin-password}"
        disableRememberMe: false
        mode: NORMAL
        numExecutors: 0
        labelString: ""
        projectNamingStrategy: "standard"
        markupFormatter:
          plainText
        clouds:
        - kubernetes:
            containerCapStr: "10"
            garbageCollection:
              namespaces: |-
                namespace1
                namespace2
              timeout: "300"
            defaultsProviderTemplate: ""
            connectTimeout: "5"
            readTimeout: "15"
            jenkinsUrl: "http://my-release-jenkins.my-namespace.svc.cluster.local:8080"
            jenkinsTunnel: "my-release-jenkins-agent.my-namespace.svc.cluster.local:50000"
            skipTlsVerify: false
            usageRestricted: false
            maxRequestsPerHostStr: "32"
            retentionTimeout: "5"
            waitForPodSec: "600"
            name: "kubernetes"
            namespace: "my-namespace"
            restrictedPssSecurityContext: false
            serverUrl: "https://kubernetes.default"
            credentialsId: ""
            podLabels:
            - key: "jenkins/my-release-jenkins-agent"
              value: "true"
            templates:
              - name: "default"
                namespace: "my-namespace"
                id: 0416695472c4ed5bee97429234406c48c1343e1c5fdf174038562774d468fbb4
                containers:
                - name: "jnlp"
                  alwaysPullImage: false
                  args: "^${computer.jnlpmac} ^${computer.name}"
                  envVars:
                    - envVar:
                        key: "JENKINS_URL"
                        value: "http://my-release-jenkins.my-namespace.svc.cluster.local:8080/"
                  image: "jenkins/inbound-agent:3355.v388858a_47b_33-13"
                  privileged: "false"
                  resourceLimitCpu: 512m
                  resourceLimitMemory: 512Mi
                  resourceRequestCpu: 512m
                  resourceRequestMemory: 512Mi
                  ttyEnabled: false
                  workingDir: /home/jenkins/agent
                idleMinutes: 0
                instanceCap: 2147483647
                label: "my-release-jenkins-agent "
                nodeUsageMode: "NORMAL"
                podRetention: Never
                showRawYaml: true
                serviceAccount: "default"
                slaveConnectTimeoutStr: "100"
                yamlMergeStrategy: override
                inheritYamlMergeStrategy: false
        slaveAgentPort: 50000
        crumbIssuer:
          standard:
            excludeClientIPFromCrumb: true
      security:
        apiToken:
          creationOfLegacyTokenEnabled: false
          tokenGenerationOnCreationEnabled: false
          usageStatisticsEnabled: true
      unclassified:
        location:
          url: http://my-release-jenkins:8080
one cloud:
  1: |
    |-
      jenkins:
        authorizationStrategy:
          loggedInUsersCanDoAnything:
            allowAnonymousRead: false
        securityRealm:
          local:
            allowsSignup: false
            enableCaptcha: false
            users:
            - id: "${chart-admin-username}"
              name: "Jenkins Admin"
              password: "${chart-admin-password}"
        disableRememberMe: false
        mode: NORMAL
        numExecutors: 0
        labelString: ""
        projectNamingStrategy: "standard"
        markupFormatter:
          plainText
        clouds:
        - kubernetes:
            containerCapStr: "10"
            garbageCollection:
              timeout: "300"
            defaultsProviderTemplate: ""
            connectTimeout: "5"
            readTimeout: "15"
            jenkinsUrl: "http://my-release-jenkins.my-namespace.svc.cluster.local:8080"
            jenkinsTunnel: "my-release-jenkins-agent.my-namespace.svc.cluster.local:50000"
            skipTlsVerify: false
            usageRestricted: false
            maxRequestsPerHostStr: "32"
            retentionTimeout: "5"
            waitForPodSec: "600"
            name: "kubernetes"
            namespace: "my-namespace"
            restrictedPssSecurityContext: false
            serverUrl: "https://kubernetes.default"
            credentialsId: ""
            podLabels:
            - key: "jenkins/my-release-jenkins-agent"
              value: "true"
            templates:
              - name: "default"
                namespace: "my-namespace"
                id: b52a37d4e3f8ad5c8e6c97dcd053d55f7ac2279413340a4438d3584e21d487a6
                containers:
                - name: "jnlp"
                  alwaysPullImage: false
                  args: "^${computer.jnlpmac} ^${computer.name}"
                  envVars:
                    - envVar:
                        key: "JENKINS_URL"
                        value: "http://my-release-jenkins.my-namespace.svc.cluster.local:8080/"
                  image: "jenkins/inbound-agent:3355.v388858a_47b_33-13"
                  privileged: "false"
                  resourceLimitCpu: 512m
                  resourceLimitMemory: 512Mi
                  resourceRequestCpu: 512m
                  resourceRequestMemory: 512Mi
                  ttyEnabled: false
                  workingDir: /home/jenkins/agent
                idleMinutes: 0
                instanceCap: 2147483647
                label: "my-release-jenkins-agent "
                nodeUsageMode: "NORMAL"
                podRetention: Never
                showRawYaml: true
                serviceAccount: "default"
                slaveConnectTimeoutStr: "100"
                yamlMergeStrategy: override
                inheritYamlMergeStrategy: false
        slaveAgentPort: 50000
        crumbIssuer:
          standard:
            excludeClientIPFromCrumb: true
      security:
        apiToken:
          creationOfLegacyTokenEnabled: false
          tokenGenerationOnCreationEnabled: false
          usageStatisticsEnabled: true
      unclassified:
        location:
          url: http://my-release-jenkins:8080
second cloud:
  1: |
    |-
      jenkins:
        authorizationStrategy:
          loggedInUsersCanDoAnything:
            allowAnonymousRead: false
        securityRealm:
          local:
            allowsSignup: false
            enableCaptcha: false
            users:
            - id: "${chart-admin-username}"
              name: "Jenkins Admin"
              password: "${chart-admin-password}"
        disableRememberMe: false
        mode: NORMAL
        numExecutors: 0
        labelString: ""
        projectNamingStrategy: "standard"
        markupFormatter:
          plainText
        clouds:
        - kubernetes:
            containerCapStr: "10"
            garbageCollection:
              timeout: "300"
            defaultsProviderTemplate: ""
            connectTimeout: "5"
            readTimeout: "15"
            jenkinsUrl: "http://my-release-jenkins.my-namespace.svc.cluster.local:8080"
            jenkinsTunnel: "my-release-jenkins-agent.my-namespace.svc.cluster.local:50000"
            skipTlsVerify: false
            usageRestricted: false
            maxRequestsPerHostStr: "32"
            retentionTimeout: "5"
            waitForPodSec: "600"
            name: "kubernetes"
            namespace: "my-namespace"
            restrictedPssSecurityContext: false
            serverUrl: "https://kubernetes.default"
            credentialsId: ""
            podLabels:
            - key: "jenkins/my-release-jenkins-agent"
              value: "true"
            templates:
              - name: "default"
                namespace: "my-namespace"
                id: b52a37d4e3f8ad5c8e6c97dcd053d55f7ac2279413340a4438d3584e21d487a6
                containers:
                - name: "jnlp"
                  alwaysPullImage: false
                  args: "^${computer.jnlpmac} ^${computer.name}"
                  envVars:
                    - envVar:
                        key: "JENKINS_URL"
                        value: "http://my-release-jenkins.my-namespace.svc.cluster.local:8080/"
                  image: "jenkins/inbound-agent:3355.v388858a_47b_33-13"
                  privileged: "false"
                  resourceLimitCpu: 512m
                  resourceLimitMemory: 512Mi
                  resourceRequestCpu: 512m
                  resourceRequestMemory: 512Mi
                  ttyEnabled: false
                  workingDir: /home/jenkins/agent
                idleMinutes: 0
                instanceCap: 2147483647
                label: "my-release-jenkins-agent "
                nodeUsageMode: "NORMAL"
                podRetention: Never
                showRawYaml: true
                serviceAccount: "default"
                slaveConnectTimeoutStr: "100"
                yamlMergeStrategy: override
                inheritYamlMergeStrategy: false
        - kubernetes:
            containerCapStr: "5"
            garbageCollection:
              timeout: "300"
            defaultsProviderTemplate: ""
            connectTimeout: "5"
            readTimeout: "15"
            jenkinsUrl: "http://my-release-jenkins.my-namespace.svc.cluster.local:8080"
            jenkinsTunnel: "my-release-jenkins-agent.my-namespace.svc.cluster.local:50000"
            skipTlsVerify: false
            usageRestricted: false
            maxRequestsPerHostStr: "32"
            retentionTimeout: "5"
            waitForPodSec: "600"
            name: "second"
            namespace: "my-namespace"
            restrictedPssSecurityContext: false
            serverUrl: "https://kubernetes.default"
            credentialsId: ""
            podLabels:
            - key: "jenkins/my-release-jenkins-agent"
              value: "true"
            templates:
              - name: "default"
                namespace: "my-namespace"
                id: 2f182f5237adc9cd1f9e220577ff89903246641e74f8a9925c5a1fd91c660c1c
                containers:
                - name: "jnlp"
                  alwaysPullImage: false
                  args: "^${computer.jnlpmac} ^${computer.name}"
                  envVars:
                    - envVar:
                        key: "JENKINS_URL"
                        value: "http://my-release-jenkins.my-namespace.svc.cluster.local:8080/"
                  image: "jenkins/inbound-agent:3355.v388858a_47b_33-13"
                  privileged: "false"
                  resourceLimitCpu: 512m
                  resourceLimitMemory: 512Mi
                  resourceRequestCpu: 512m
                  resourceRequestMemory: 512Mi
                  ttyEnabled: false
                  workingDir: /home/jenkins/agent
                idleMinutes: 0
                instanceCap: 2147483647
                label: "my-release-jenkins-agent "
                nodeUsageMode: "NORMAL"
                podRetention: Never
                showRawYaml: true
                serviceAccount: "default"
                slaveConnectTimeoutStr: "100"
                yamlMergeStrategy: override
                inheritYamlMergeStrategy: false
        slaveAgentPort: 50000
        crumbIssuer:
          standard:
            excludeClientIPFromCrumb: true
      security:
        apiToken:
          creationOfLegacyTokenEnabled: false
          tokenGenerationOnCreationEnabled: false
          usageStatisticsEnabled: true
      unclassified:
        location:
          url: http://my-release-jenkins:8080
